MPLINK 5.09, LINKER
Linker Map File - Created Mon Aug 02 00:06:03 2021

                                 Section Info
                  Section       Type    Address   Location Size(Bytes)
                ---------  ---------  ---------  ---------  ---------
                   .org_0       code   0x000000    program   0x00004e
                   .cinit    romdata   0x000027    program   0x000004
.config_2007_BUILD/DEFAULT/PRODUCTION/BLINKIN       code   0x002007    program   0x000002



                              Program Memory Usage 
                               Start         End      
                           ---------   ---------      
                            0x000000    0x000028      
                            0x002007    0x002007      
            42 out of 8454 program addresses used, program memory utilization is 0%



                              Symbols - Sorted by Name
                     Name    Address   Location    Storage File                     
                ---------  ---------  ---------  --------- ---------                
                    LOOP1   0x00000c    program     static C:\Users\TWIRINGIYIMANA\MPLABXProjects\blinkingr.X\blinking.asm
                    LOOP2   0x000020    program     static C:\Users\TWIRINGIYIMANA\MPLABXProjects\blinkingr.X\blinking.asm
                    LOOP3   0x00000e    program     static C:\Users\TWIRINGIYIMANA\MPLABXProjects\blinkingr.X\blinking.asm
                    LOOP4   0x000016    program     static C:\Users\TWIRINGIYIMANA\MPLABXProjects\blinkingr.X\blinking.asm
                    LOOP5   0x000018    program     static C:\Users\TWIRINGIYIMANA\MPLABXProjects\blinkingr.X\blinking.asm
                    LOOP6   0x000022    program     static C:\Users\TWIRINGIYIMANA\MPLABXProjects\blinkingr.X\blinking.asm
                    START   0x000008    program     static C:\Users\TWIRINGIYIMANA\MPLABXProjects\blinkingr.X\blinking.asm



                              Symbols - Sorted by Address
                     Name    Address   Location    Storage File                     
                ---------  ---------  ---------  --------- ---------                
                    START   0x000008    program     static C:\Users\TWIRINGIYIMANA\MPLABXProjects\blinkingr.X\blinking.asm
                    LOOP1   0x00000c    program     static C:\Users\TWIRINGIYIMANA\MPLABXProjects\blinkingr.X\blinking.asm
                    LOOP3   0x00000e    program     static C:\Users\TWIRINGIYIMANA\MPLABXProjects\blinkingr.X\blinking.asm
                    LOOP4   0x000016    program     static C:\Users\TWIRINGIYIMANA\MPLABXProjects\blinkingr.X\blinking.asm
                    LOOP5   0x000018    program     static C:\Users\TWIRINGIYIMANA\MPLABXProjects\blinkingr.X\blinking.asm
                    LOOP2   0x000020    program     static C:\Users\TWIRINGIYIMANA\MPLABXProjects\blinkingr.X\blinking.asm
                    LOOP6   0x000022    program     static C:\Users\TWIRINGIYIMANA\MPLABXProjects\blinkingr.X\blinking.asm


